............................................
----------------------------------------------------------------------
Ran 44 tests in 1.232s

OK
Name             Stmts   Miss  Cover   Missing
----------------------------------------------
app/test/tests     276    276     0%   1-5313
